C51 COMPILER V9.59.0.0   MAIN                                                              11/02/2023 19:54:25 PAGE 1   


C51 COMPILER V9.59.0.0, COMPILATION OF MODULE MAIN
OBJECT MODULE PLACED IN .\Objects\main.obj
COMPILER INVOKED BY: E:\keil51\C51\BIN\C51.EXE main.c LARGE OPTIMIZE(8,SPEED) BROWSE DEBUG OBJECTEXTEND PRINT(.\Listings
                    -\main.lst) TABS(2) OBJECT(.\Objects\main.obj)

line level    source

   1          #include <REGX52.H>
   2          #include <INTRINS.H>
   3          
   4          int num_led_choice[8][3]={{0,0,0},{0,0,1},{0,1,0},{0,1,1},{1,0,0},{1,0,1},{1,1,0},{1,1,1}};
   5          char digit[10] = {0x3F, 0x06, 0x5B, 0x4F, 0x66, 0x6D, 0x7D, 0x07, 0x7F, 0x6F};
   6          int num_led_left_right[2][4]={{0,1,2,3},{4,5,6,7}};
   7          void Delay1ms()   //@12.000MHz
   8          {
   9   1        unsigned char i, j;
  10   1      
  11   1        i = 2;
  12   1        j = 239;
  13   1        do
  14   1        {
  15   2          while (--j);
  16   2        } while (--i);
  17   1      }
  18          
  19          void show_num(int index,int num){
  20   1        /*
  21   1        this fuction was used to show num;
  22   1        index: it denote that choicing which led is used;
  23   1        num :the parameter denote the number that you want;
  24   1        */
  25   1        P2_2=num_led_choice[index][2];
  26   1        P2_3=num_led_choice[index][1];
  27   1        P2_4=num_led_choice[index][0];
  28   1        P0=digit[num];
  29   1        Delay1ms();
  30   1        P0=0x00;
  31   1      
  32   1      }
  33          void Delay20ms()    //@12.000MHz
  34          {
  35   1        unsigned char i, j;
  36   1      
  37   1        i = 39;
  38   1        j = 230;
  39   1        do
  40   1        {
  41   2          while (--j);
  42   2        } while (--i);
  43   1      }
  44          
  45          
  46          
  47          
  48          void main(){
  49   1        
  50   1        /*set  init value*/
  51   1        
  52   1        int left_num=0;
  53   1        int right_num=0;
  54   1        int end_data=0;
C51 COMPILER V9.59.0.0   MAIN                                                              11/02/2023 19:54:25 PAGE 2   

  55   1        int i;
  56   1        int i1;
  57   1        int i2;
  58   1        int left_index;
  59   1        int right_index;
  60   1        int end_data_index;
  61   1        int cal=0;      // cal denote plus when cal is equaled to zero else cal denote subtract;
  62   1        int flag_show_result=0;
  63   1        
  64   1        while(1){
  65   2          left_index=left_num;
  66   2          right_index=right_num;
  67   2          end_data_index=end_data;
  68   2          i=0;
  69   2          i1=4;
  70   2          i2=0;
  71   2          /*the model of show number*/
  72   2          if(flag_show_result==0){
  73   3          while(1){
  74   4            show_num(i,left_index%10);
  75   4            left_index=left_index/10;
  76   4            i=i+1;
  77   4            if(left_index==0){
  78   5              break;
  79   5            }
  80   4          }
  81   3          while(1){
  82   4            show_num(i1,right_index%10);
  83   4            right_index=right_index/10;
  84   4            i1=i1+1;
  85   4            if(right_index==0){
  86   5              break;
  87   5            }
  88   4          }}
  89   2          else{
  90   3            while(1){
  91   4            show_num(i2,end_data_index%10);
  92   4            end_data_index=end_data_index/10;
  93   4            i2=i2+1;
  94   4            if(end_data_index==0){
  95   5              break;
  96   5            }
  97   4          }
  98   3          
  99   3          }
 100   2          // P3_0 control the left numbers; p3_1 control the right numbers;
 101   2          if(P3_0==0){
 102   3            Delay20ms();
 103   3            while(P3_0==0);
 104   3            Delay20ms();
 105   3            left_num+=1;
 106   3          }
 107   2          if(P3_1==0){
 108   3            Delay20ms();
 109   3            while(P3_1==0);
 110   3            Delay20ms();
 111   3            right_num+=1;
 112   3          }
 113   2          // P2_0 denote plus, P2_1 denote subtract
 114   2          if(P3_2==0){
 115   3            Delay20ms();
 116   3            while(P3_2==0);
C51 COMPILER V9.59.0.0   MAIN                                                              11/02/2023 19:54:25 PAGE 3   

 117   3            Delay20ms();
 118   3            cal=~cal;
 119   3          }
 120   2          if(P3_3==0){
 121   3            Delay20ms();
 122   3            while(P3_2==0);
 123   3            Delay20ms();
 124   3            flag_show_result=~flag_show_result;
 125   3            if(!cal){
 126   4              end_data=left_num+right_num;
 127   4            }
 128   3            else{
 129   4              end_data=left_num-right_num;
 130   4            }
 131   3          }
 132   2        };
 133   1      }


MODULE INFORMATION:   STATIC OVERLAYABLE
   CODE SIZE        =    601    ----
   CONSTANT SIZE    =   ----    ----
   XDATA SIZE       =     74      22
   PDATA SIZE       =   ----    ----
   DATA SIZE        =   ----    ----
   IDATA SIZE       =   ----    ----
   BIT SIZE         =   ----    ----
END OF MODULE INFORMATION.


C51 COMPILATION COMPLETE.  0 WARNING(S),  0 ERROR(S)
